\BOOKMARK [0][-]{chapter.1}{\376\377\000I\000n\000t\000r\000o\000d\000u\000c\000t\000i\000o\000n}{}% 1
\BOOKMARK [1][-]{section.1.1}{\376\377\000D\000i\000g\000i\000t\000a\000l\000\040\000H\000e\000a\000l\000t\000h\000\040\000M\000a\000r\000k\000e\000t\000\040\000O\000v\000e\000r\000v\000i\000e\000w}{chapter.1}% 2
\BOOKMARK [1][-]{section.1.2}{\376\377\000H\000L\0007\000\040\000-\000\040\000H\000e\000a\000l\000t\000h\000\040\000L\000e\000v\000e\000l\000\040\000S\000e\000v\000e\000n}{chapter.1}% 3
\BOOKMARK [2][-]{subsection.1.2.1}{\376\377\000E\000v\000o\000l\000u\000t\000i\000o\000n\000\040\000o\000f\000\040\000S\000t\000a\000n\000d\000a\000r\000d\000s}{section.1.2}% 4
\BOOKMARK [1][-]{section.1.3}{\376\377\000F\000a\000s\000t\000\040\000H\000e\000a\000l\000t\000h\000c\000a\000r\000e\000\040\000I\000n\000t\000e\000r\000o\000p\000e\000r\000a\000b\000i\000l\000i\000t\000y\000\040\000R\000e\000s\000o\000u\000r\000c\000e\000s\000\040\000\050\000F\000H\000I\000R\000\051}{chapter.1}% 5
\BOOKMARK [2][-]{subsection.1.3.1}{\376\377\000C\000o\000r\000e\000\040\000A\000r\000c\000h\000i\000t\000e\000c\000t\000u\000r\000e}{section.1.3}% 6
\BOOKMARK [2][-]{subsection.1.3.2}{\376\377\000K\000e\000y\000\040\000T\000e\000c\000h\000n\000i\000c\000a\000l\000\040\000A\000d\000v\000a\000n\000t\000a\000g\000e\000s}{section.1.3}% 7
\BOOKMARK [2][-]{subsection.1.3.3}{\376\377\000C\000o\000m\000p\000a\000r\000i\000s\000o\000n\000\040\000o\000f\000\040\000S\000t\000a\000n\000d\000a\000r\000d\000s}{section.1.3}% 8
\BOOKMARK [0][-]{chapter.2}{\376\377\000S\000e\000c\000u\000r\000i\000t\000y}{}% 9
\BOOKMARK [0][-]{chapter.3}{\376\377\000A\000I}{}% 10
\BOOKMARK [0][-]{chapter.4}{\376\377\000B\000a\000c\000k\000e\000n\000d}{}% 11
\BOOKMARK [0][-]{chapter.5}{\376\377\000F\000r\000o\000n\000t\000e\000n\000d}{}% 12
\BOOKMARK [0][-]{chapter.6}{\376\377\000M\000o\000b\000i\000l\000e}{}% 13
\BOOKMARK [0][-]{chapter.7}{\376\377\000D\000i\000a\000g\000r\000a\000m\000s}{}% 14
\BOOKMARK [0][-]{chapter.8}{\376\377\000C\000o\000n\000c\000l\000u\000s\000i\000o\000n}{}% 15
\BOOKMARK [0][-]{section*.8}{\376\377\000A\000p\000p\000e\000n\000d\000i\000x}{}% 16
\BOOKMARK [0][-]{appendix.A}{\376\377\000L\000i\000s\000t\000s}{}% 17
\BOOKMARK [1][-]{section*.9}{\376\377\000L\000i\000s\000t\000\040\000o\000f\000\040\000A\000b\000b\000r\000e\000v\000i\000a\000t\000i\000o\000n\000s}{appendix.A}% 18
\BOOKMARK [1][-]{appendix*.10}{\376\377\000L\000i\000s\000t\000\040\000o\000f\000\040\000F\000i\000g\000u\000r\000e\000s}{appendix.A}% 19
\BOOKMARK [0][-]{appendix*.10}{\376\377\000R\000e\000f\000e\000r\000e\000n\000c\000e\000s}{}% 20
